../Core/Src/main.c:73:6:HAL_CAN_RxFifo0MsgPendingCallback	16	static
../Core/Src/main.c:100:6:DriveCar	8	static
../Core/Src/main.c:159:5:main	8	static
../Core/Src/main.c:217:6:SystemClock_Config	72	static
../Core/Src/main.c:254:6:Start_Motor	8	static
../Core/Src/main.c:263:6:genPwm	40	static
../Core/Src/main.c:269:6:run	16	static
../Core/Src/main.c:282:6:stop	8	static
../Core/Src/main.c:291:10:Angle	24	static
../Core/Src/main.c:297:6:To_Default	8	static
../Core/Src/main.c:302:6:Start_Servo	8	static
../Core/Src/main.c:309:6:Turn_Left	8	static
../Core/Src/main.c:314:6:Turn_Right	8	static
../Core/Src/main.c:325:6:Error_Handler	4	static,ignoring_inline_asm
